// Jest Snapshot v1, https://goo.gl/fbAQLP

exports[`App Snapshot test 1`] = `
<div>
  <div
    class="app"
  >
    <div
      aria-label="Example Progress Bar"
      aria-valuemax="1"
      aria-valuemin="0"
      aria-valuenow="0"
      class="mdc-linear-progress mdc-linear-progress--indeterminate mdc-linear-progress--animation-ready"
      role="progressbar"
    >
      <div
        class="mdc-linear-progress__buffer"
      >
        <div
          class="mdc-linear-progress__buffer-bar"
        />
        <div
          class="mdc-linear-progress__buffer-dots"
        />
      </div>
      <div
        class="mdc-linear-progress__bar mdc-linear-progress__primary-bar"
      >
        <span
          class="mdc-linear-progress__bar-inner"
        />
      </div>
      <div
        class="mdc-linear-progress__bar mdc-linear-progress__secondary-bar"
      >
        <span
          class="mdc-linear-progress__bar-inner"
        />
      </div>
    </div>
    <div
      id="login-page"
    >
      <div
        class="container"
      >
        <div
          class="content-container"
        >
          <h1
            class="mdc-typography--headline4"
          >
            Employee Pools
          </h1>
          <h2
            class="mdc-typography--headline6"
          >
            Sign in
          </h2>
          <form>
            <div
              class="mdc-text-field mdc-text-field--filled"
            >
              <input
                autocomplete="off"
                class="mdc-text-field__input"
                data-testid="username"
                id="username"
                type="text"
                value=""
              />
              <div
                class="mdc-notched-outline"
              >
                <div
                  class="mdc-notched-outline__leading"
                />
                <div
                  class="mdc-notched-outline__notch"
                >
                  <label
                    class="mdc-floating-label mdc-floating-label--float-above	mdc-floating-label--required"
                    for="username"
                  >
                    Username
                  </label>
                </div>
                <div
                  class="mdc-notched-outline__trailing"
                />
              </div>
            </div>
            <div
              class="mdc-text-field mdc-text-field--filled"
            >
              <input
                autocomplete="off"
                class="mdc-text-field__input"
                data-testid="password"
                disabled=""
                id="password"
                type="password"
                value=""
              />
              <div
                class="mdc-notched-outline"
              >
                <div
                  class="mdc-notched-outline__leading"
                />
                <div
                  class="mdc-notched-outline__notch"
                >
                  <label
                    class="mdc-floating-label mdc-floating-label--float-above	mdc-floating-label--required mdc-floating-label--shake	"
                    for="password"
                  >
                    Password
                  </label>
                </div>
                <div
                  class="mdc-notched-outline__trailing"
                />
              </div>
            </div>
            <button
              class="mdc-button mdc-button--raised"
              data-testid="submit"
              disabled=""
            >
              <span
                class="mdc-button__label"
              >
                Login
              </span>
            </button>
          </form>
        </div>
      </div>
    </div>
  </div>
</div>
`;
